Release 14.1 - xst P.15xf (nt64)
Copyright (c) 1995-2012 Xilinx, Inc.  All rights reserved.
--> Parameter TMPDIR set to xst/projnav.tmp


Total REAL time to Xst completion: 0.00 secs
Total CPU time to Xst completion: 0.13 secs
 
--> Parameter xsthdpdir set to xst


Total REAL time to Xst completion: 0.00 secs
Total CPU time to Xst completion: 0.13 secs
 
--> Reading design: Ascensor.prj

TABLE OF CONTENTS
  1) Synthesis Options Summary
  2) HDL Compilation
  3) Design Hierarchy Analysis
  4) HDL Analysis
  5) HDL Synthesis
     5.1) HDL Synthesis Report
  6) Advanced HDL Synthesis
     6.1) Advanced HDL Synthesis Report
  7) Low Level Synthesis
  8) Partition Report
  9) Final Report
	9.1) Device utilization summary
	9.2) Partition Resource Summary
	9.3) TIMING REPORT


=========================================================================
*                      Synthesis Options Summary                        *
=========================================================================
---- Source Parameters
Input File Name                    : "Ascensor.prj"
Input Format                       : mixed
Ignore Synthesis Constraint File   : NO

---- Target Parameters
Output File Name                   : "Ascensor"
Output Format                      : NGC
Target Device                      : xc3s200-5-ft256

---- Source Options
Top Module Name                    : Ascensor
Automatic FSM Extraction           : YES
FSM Encoding Algorithm             : Auto
Safe Implementation                : No
FSM Style                          : LUT
RAM Extraction                     : Yes
RAM Style                          : Auto
ROM Extraction                     : Yes
Mux Style                          : Auto
Decoder Extraction                 : YES
Priority Encoder Extraction        : Yes
Shift Register Extraction          : YES
Logical Shifter Extraction         : YES
XOR Collapsing                     : YES
ROM Style                          : Auto
Mux Extraction                     : Yes
Resource Sharing                   : YES
Asynchronous To Synchronous        : NO
Multiplier Style                   : Auto
Automatic Register Balancing       : No

---- Target Options
Add IO Buffers                     : YES
Global Maximum Fanout              : 100000
Add Generic Clock Buffer(BUFG)     : 8
Register Duplication               : YES
Slice Packing                      : YES
Optimize Instantiated Primitives   : NO
Use Clock Enable                   : Yes
Use Synchronous Set                : Yes
Use Synchronous Reset              : Yes
Pack IO Registers into IOBs        : Auto
Equivalent register Removal        : YES

---- General Options
Optimization Goal                  : Speed
Optimization Effort                : 1
Keep Hierarchy                     : No
Netlist Hierarchy                  : As_Optimized
RTL Output                         : Yes
Global Optimization                : AllClockNets
Read Cores                         : YES
Write Timing Constraints           : NO
Cross Clock Analysis               : NO
Hierarchy Separator                : /
Bus Delimiter                      : <>
Case Specifier                     : Maintain
Slice Utilization Ratio            : 100
BRAM Utilization Ratio             : 100
Verilog 2001                       : YES
Auto BRAM Packing                  : NO
Slice Utilization Ratio Delta      : 5

=========================================================================


=========================================================================
*                          HDL Compilation                              *
=========================================================================
Compiling vhdl file "C:/Users/Daniel/Desktop/Proyecto_SED/clk_divider.vhd" in Library work.
Architecture behavioral of Entity clk_divider is up to date.
Compiling vhdl file "C:/Users/Daniel/Desktop/Proyecto_SED/Decodificador.vhd" in Library work.
Architecture dataflow of Entity decodificador is up to date.
Compiling vhdl file "C:/Users/Daniel/Desktop/Proyecto_SED/codificador.vhd" in Library work.
Architecture dataflow of Entity codificador is up to date.
Compiling vhdl file "C:/Users/Daniel/Desktop/Proyecto_SED/BloqueadorPDeseado.vhd" in Library work.
Architecture behavioral of Entity bloqueadorpdeseado is up to date.
Compiling vhdl file "C:/Users/Daniel/Desktop/Proyecto_SED/MaquinaDeEstados.vhd" in Library work.
Architecture behavioral of Entity maquinadeestados is up to date.
Compiling vhdl file "C:/Users/Daniel/Desktop/Proyecto_SED/ModuloDisplay.vhd" in Library work.
Entity <decodificadorpd> compiled.
Entity <decodificadorpd> (Architecture <behavioral>) compiled.
Compiling vhdl file "C:/Users/Daniel/Desktop/Proyecto_SED/Ascensor.vhd" in Library work.
Architecture behavioral of Entity ascensor is up to date.

=========================================================================
*                     Design Hierarchy Analysis                         *
=========================================================================
Analyzing hierarchy for entity <Ascensor> in library <work> (architecture <behavioral>).

Analyzing hierarchy for entity <clk_divider> in library <work> (architecture <behavioral>).

Analyzing hierarchy for entity <decodificador> in library <work> (architecture <dataflow>).

Analyzing hierarchy for entity <codificador> in library <work> (architecture <dataflow>).

Analyzing hierarchy for entity <BloqueadorPDeseado> in library <work> (architecture <behavioral>).

Analyzing hierarchy for entity <MaquinaDeEstados> in library <work> (architecture <behavioral>).

Analyzing hierarchy for entity <DecodificadorPD> in library <work> (architecture <behavioral>).


=========================================================================
*                            HDL Analysis                               *
=========================================================================
Analyzing Entity <Ascensor> in library <work> (Architecture <behavioral>).
Entity <Ascensor> analyzed. Unit <Ascensor> generated.

Analyzing Entity <clk_divider> in library <work> (Architecture <behavioral>).
Entity <clk_divider> analyzed. Unit <clk_divider> generated.

Analyzing Entity <decodificador> in library <work> (Architecture <dataflow>).
Entity <decodificador> analyzed. Unit <decodificador> generated.

Analyzing Entity <codificador> in library <work> (Architecture <dataflow>).
WARNING:Xst:819 - "C:/Users/Daniel/Desktop/Proyecto_SED/codificador.vhd" line 13: One or more signals are missing in the process sensitivity list. To enable synthesis of FPGA/CPLD hardware, XST will assume that all necessary signals are present in the sensitivity list. Please note that the result of the synthesis may differ from the initial design specification. The missing signals are:
   <cod_in>
Entity <codificador> analyzed. Unit <codificador> generated.

Analyzing Entity <BloqueadorPDeseado> in library <work> (Architecture <behavioral>).
Entity <BloqueadorPDeseado> analyzed. Unit <BloqueadorPDeseado> generated.

Analyzing Entity <MaquinaDeEstados> in library <work> (Architecture <behavioral>).
Entity <MaquinaDeEstados> analyzed. Unit <MaquinaDeEstados> generated.

Analyzing Entity <DecodificadorPD> in library <work> (Architecture <behavioral>).
Entity <DecodificadorPD> analyzed. Unit <DecodificadorPD> generated.


=========================================================================
*                           HDL Synthesis                               *
=========================================================================

Performing bidirectional port resolution...

Synthesizing Unit <clk_divider>.
    Related source file is "C:/Users/Daniel/Desktop/Proyecto_SED/clk_divider.vhd".
    Found 32-bit up counter for signal <counter>.
    Found 1-bit register for signal <temporal>.
    Summary:
	inferred   1 Counter(s).
	inferred   1 D-type flip-flop(s).
Unit <clk_divider> synthesized.


Synthesizing Unit <decodificador>.
    Related source file is "C:/Users/Daniel/Desktop/Proyecto_SED/Decodificador.vhd".
    Found 4x7-bit ROM for signal <led>.
    Summary:
	inferred   1 ROM(s).
Unit <decodificador> synthesized.


Synthesizing Unit <codificador>.
    Related source file is "C:/Users/Daniel/Desktop/Proyecto_SED/codificador.vhd".
WARNING:Xst:737 - Found 2-bit latch for signal <cod_out_s>. Latches may be generated from incomplete case or if statements. We do not recommend the use of latches in FPGA/CPLD designs, as they may lead to timing problems.
Unit <codificador> synthesized.


Synthesizing Unit <BloqueadorPDeseado>.
    Related source file is "C:/Users/Daniel/Desktop/Proyecto_SED/BloqueadorPDeseado.vhd".
WARNING:Xst:737 - Found 2-bit latch for signal <salidas>. Latches may be generated from incomplete case or if statements. We do not recommend the use of latches in FPGA/CPLD designs, as they may lead to timing problems.
    Found 1-bit register for signal <Q_bus<0>>.
    Summary:
	inferred   1 D-type flip-flop(s).
Unit <BloqueadorPDeseado> synthesized.


Synthesizing Unit <MaquinaDeEstados>.
    Related source file is "C:/Users/Daniel/Desktop/Proyecto_SED/MaquinaDeEstados.vhd".
    Found finite state machine <FSM_0> for signal <Q_bus>.
    -----------------------------------------------------------------------
    | States             | 5                                              |
    | Transitions        | 8                                              |
    | Inputs             | 3                                              |
    | Outputs            | 5                                              |
    | Clock              | clk_Maq                   (rising_edge)        |
    | Reset              | reset                     (positive)           |
    | Reset type         | synchronous                                    |
    | Reset State        | s0                                             |
    | Power Up State     | s0                                             |
    | Encoding           | automatic                                      |
    | Implementation     | LUT                                            |
    -----------------------------------------------------------------------
WARNING:Xst:737 - Found 4-bit latch for signal <salidas>. Latches may be generated from incomplete case or if statements. We do not recommend the use of latches in FPGA/CPLD designs, as they may lead to timing problems.
INFO:Xst:2371 - HDL ADVISOR - Logic functions respectively driving the data and gate enable inputs of this latch share common terms. This situation will potentially lead to setup/hold violations and, as a result, to simulation problems. This situation may come from an incomplete case statement (all selector values are not covered). You should carefully review if it was in your intentions to describe such a latch.
    Found 2-bit comparator equal for signal <Q_bus$cmp_eq0000> created at line 50.
    Found 2-bit comparator greater for signal <Q_bus$cmp_gt0000> created at line 48.
    Found 2-bit comparator less for signal <Q_bus$cmp_lt0000> created at line 47.
    Summary:
	inferred   1 Finite State Machine(s).
	inferred   3 Comparator(s).
Unit <MaquinaDeEstados> synthesized.


Synthesizing Unit <DecodificadorPD>.
    Related source file is "C:/Users/Daniel/Desktop/Proyecto_SED/ModuloDisplay.vhd".
    Found 4-bit register for signal <Enable_Display>.
    Found 7-bit register for signal <LED>.
    Found 13-bit up counter for signal <CTR>.
    Found 13-bit comparator greater for signal <CTR$cmp_gt0000> created at line 44.
    Summary:
	inferred   1 Counter(s).
	inferred  11 D-type flip-flop(s).
	inferred   1 Comparator(s).
Unit <DecodificadorPD> synthesized.


Synthesizing Unit <Ascensor>.
    Related source file is "C:/Users/Daniel/Desktop/Proyecto_SED/Ascensor.vhd".
WARNING:Xst:1780 - Signal <salidas> is never used or assigned. This unconnected signal will be trimmed during the optimization process.
WARNING:Xst:1780 - Signal <Q_bus> is never used or assigned. This unconnected signal will be trimmed during the optimization process.
WARNING:Xst:1780 - Signal <D_bus> is never used or assigned. This unconnected signal will be trimmed during the optimization process.
Unit <Ascensor> synthesized.


=========================================================================
HDL Synthesis Report

Macro Statistics
# ROMs                                                 : 2
 4x7-bit ROM                                           : 2
# Counters                                             : 2
 13-bit up counter                                     : 1
 32-bit up counter                                     : 1
# Registers                                            : 7
 1-bit register                                        : 6
 7-bit register                                        : 1
# Latches                                              : 4
 2-bit latch                                           : 3
 4-bit latch                                           : 1
# Comparators                                          : 4
 13-bit comparator greater                             : 1
 2-bit comparator equal                                : 1
 2-bit comparator greater                              : 1
 2-bit comparator less                                 : 1

=========================================================================

=========================================================================
*                       Advanced HDL Synthesis                          *
=========================================================================

Analyzing FSM <FSM_0> for best encoding.
Optimizing FSM <Inst_MaquinaDeEstados/Q_bus/FSM> on signal <Q_bus[1:5]> with one-hot encoding.
-------------------
 State | Encoding
-------------------
 s0    | 00001
 s1    | 00010
 s2    | 00100
 s3    | 01000
 s4    | 10000
-------------------

=========================================================================
Advanced HDL Synthesis Report

Macro Statistics
# FSMs                                                 : 1
# ROMs                                                 : 2
 4x7-bit ROM                                           : 2
# Counters                                             : 2
 13-bit up counter                                     : 1
 32-bit up counter                                     : 1
# Registers                                            : 13
 Flip-Flops                                            : 13
# Latches                                              : 4
 2-bit latch                                           : 3
 4-bit latch                                           : 1
# Comparators                                          : 4
 13-bit comparator greater                             : 1
 2-bit comparator equal                                : 1
 2-bit comparator greater                              : 1
 2-bit comparator less                                 : 1

=========================================================================

=========================================================================
*                         Low Level Synthesis                           *
=========================================================================
INFO:Xst:2261 - The FF/Latch <Inst_MaquinaDeEstados/salidas_3> in Unit <Ascensor> is equivalent to the following FF/Latch, which will be removed : <Inst_MaquinaDeEstados/salidas_0> 

Optimizing unit <Ascensor> ...

Optimizing unit <DecodificadorPD> ...

Mapping all equations...
Building and optimizing final netlist ...
INFO:Xst:2261 - The FF/Latch <Inst_DecodificadorPD/LED_6> in Unit <Ascensor> is equivalent to the following FF/Latch, which will be removed : <Inst_DecodificadorPD/LED_3> 
Found area constraint ratio of 100 (+ 5) on block Ascensor, actual ratio is 3.
Latch Inst_MaquinaDeEstados/salidas_3 has been replicated 1 time(s) to handle iob=true attribute.

Final Macro Processing ...

=========================================================================
Final Register Report

Macro Statistics
# Registers                                            : 62
 Flip-Flops                                            : 62

=========================================================================

=========================================================================
*                           Partition Report                            *
=========================================================================

Partition Implementation Status
-------------------------------

  No Partitions were found in this design.

-------------------------------

=========================================================================
*                            Final Report                               *
=========================================================================
Final Results
RTL Top Level Output File Name     : Ascensor.ngr
Top Level Output File Name         : Ascensor
Output Format                      : NGC
Optimization Goal                  : Speed
Keep Hierarchy                     : No

Design Statistics
# IOs                              : 24

Cell Usage :
# BELS                             : 237
#      GND                         : 1
#      INV                         : 6
#      LUT1                        : 44
#      LUT2                        : 36
#      LUT2_L                      : 2
#      LUT3                        : 4
#      LUT3_D                      : 1
#      LUT4                        : 31
#      LUT4_D                      : 1
#      MUXCY                       : 55
#      MUXF5                       : 10
#      VCC                         : 1
#      XORCY                       : 45
# FlipFlops/Latches                : 72
#      FDC                         : 32
#      FDCE                        : 1
#      FDE                         : 10
#      FDR                         : 18
#      FDS                         : 1
#      LD                          : 4
#      LD_1                        : 6
# Clock Buffers                    : 1
#      BUFGP                       : 1
# IO Buffers                       : 23
#      IBUF                        : 9
#      OBUF                        : 14
=========================================================================

Device utilization summary:
---------------------------

Selected Device : 3s200ft256-5 

 Number of Slices:                       71  out of   1920     3%  
 Number of Slice Flip Flops:             69  out of   3840     1%  
 Number of 4 input LUTs:                125  out of   3840     3%  
 Number of IOs:                          24
 Number of bonded IOBs:                  24  out of    173    13%  
    IOB Flip Flops:                       3
 Number of GCLKs:                         1  out of      8    12%  

---------------------------
Partition Resource Summary:
---------------------------

  No Partitions were found in this design.

---------------------------


=========================================================================
TIMING REPORT

NOTE: THESE TIMING NUMBERS ARE ONLY A SYNTHESIS ESTIMATE.
      FOR ACCURATE TIMING INFORMATION PLEASE REFER TO THE TRACE REPORT
      GENERATED AFTER PLACE-and-ROUTE.

Clock Information:
------------------
------------------------------------+-------------------------------------------+-------+
Clock Signal                        | Clock buffer(FF name)                     | Load  |
------------------------------------+-------------------------------------------+-------+
clk                                 | BUFGP                                     | 61    |
Inst_BloqueadorPDeseado/Q_bus_0     | NONE(Inst_BloqueadorPDeseado/salidas_1)   | 2     |
Inst_MaquinaDeEstados/Q_bus_FSM_FFd4| NONE(Inst_MaquinaDeEstados/salidas_3)     | 4     |
Inst_clk_divider/temporal           | NONE(Inst_MaquinaDeEstados/Q_bus_FSM_FFd3)| 5     |
------------------------------------+-------------------------------------------+-------+
INFO:Xst:2169 - HDL ADVISOR - Some clock signals were not automatically buffered by XST with BUFG/BUFR resources. Please use the buffer_type constraint in order to insert these buffers to the clock signals to help prevent skew problems.

Asynchronous Control Signals Information:
----------------------------------------
-----------------------------------+------------------------+-------+
Control Signal                     | Buffer(FF name)        | Load  |
-----------------------------------+------------------------+-------+
reset                              | IBUF                   | 33    |
-----------------------------------+------------------------+-------+

Timing Summary:
---------------
Speed Grade: -5

   Minimum period: 6.534ns (Maximum Frequency: 153.041MHz)
   Minimum input arrival time before clock: 3.211ns
   Maximum output required time after clock: 6.507ns
   Maximum combinational path delay: No path found

Timing Detail:
--------------
All values displayed in nanoseconds (ns)

=========================================================================
Timing constraint: Default period analysis for Clock 'clk'
  Clock period: 6.534ns (frequency: 153.041MHz)
  Total number of paths / destination ports: 2051 / 84
-------------------------------------------------------------------------
Delay:               6.534ns (Levels of Logic = 4)
  Source:            Inst_DecodificadorPD/CTR_11 (FF)
  Destination:       Inst_DecodificadorPD/Enable_Display_3 (FF)
  Source Clock:      clk rising
  Destination Clock: clk rising

  Data Path: Inst_DecodificadorPD/CTR_11 to Inst_DecodificadorPD/Enable_Display_3
                                Gate     Net
    Cell:in->out      fanout   Delay   Delay  Logical Name (Net Name)
    ----------------------------------------  ------------
     FDR:C->Q              3   0.626   1.066  Inst_DecodificadorPD/CTR_11 (Inst_DecodificadorPD/CTR_11)
     LUT2_L:I0->LO         1   0.479   0.123  Inst_DecodificadorPD/Enable_Display_0_and000149 (Inst_DecodificadorPD/Enable_Display_0_and000149)
     LUT4:I3->O            2   0.479   0.804  Inst_DecodificadorPD/Enable_Display_0_and000154 (Inst_DecodificadorPD/Enable_Display_0_and000154)
     LUT3_D:I2->O          3   0.479   0.794  Inst_DecodificadorPD/Enable_Display_0_and000158 (Inst_DecodificadorPD/Enable_Display_0_and0001)
     LUT4:I3->O            1   0.479   0.681  Inst_DecodificadorPD/Enable_Display_0_not0001 (Inst_DecodificadorPD/Enable_Display_0_not0001)
     FDE:CE                    0.524          Inst_DecodificadorPD/Enable_Display_0
    ----------------------------------------
    Total                      6.534ns (3.066ns logic, 3.468ns route)
                                       (46.9% logic, 53.1% route)

=========================================================================
Timing constraint: Default period analysis for Clock 'Inst_clk_divider/temporal'
  Clock period: 2.882ns (frequency: 346.933MHz)
  Total number of paths / destination ports: 4 / 4
-------------------------------------------------------------------------
Delay:               2.882ns (Levels of Logic = 1)
  Source:            Inst_MaquinaDeEstados/Q_bus_FSM_FFd4 (FF)
  Destination:       Inst_MaquinaDeEstados/Q_bus_FSM_FFd4 (FF)
  Source Clock:      Inst_clk_divider/temporal rising
  Destination Clock: Inst_clk_divider/temporal rising

  Data Path: Inst_MaquinaDeEstados/Q_bus_FSM_FFd4 to Inst_MaquinaDeEstados/Q_bus_FSM_FFd4
                                Gate     Net
    Cell:in->out      fanout   Delay   Delay  Logical Name (Net Name)
    ----------------------------------------  ------------
     FDR:C->Q              8   0.626   0.921  Inst_MaquinaDeEstados/Q_bus_FSM_FFd4 (Inst_MaquinaDeEstados/Q_bus_FSM_FFd4)
     INV:I->O              1   0.479   0.681  Inst_MaquinaDeEstados/Q_bus_FSM_FFd4-In1_INV_0 (Inst_MaquinaDeEstados/Q_bus_FSM_FFd4-In)
     FDR:D                     0.176          Inst_MaquinaDeEstados/Q_bus_FSM_FFd4
    ----------------------------------------
    Total                      2.882ns (1.281ns logic, 1.601ns route)
                                       (44.4% logic, 55.6% route)

=========================================================================
Timing constraint: Default OFFSET IN BEFORE for Clock 'clk'
  Total number of paths / destination ports: 26 / 4
-------------------------------------------------------------------------
Offset:              2.758ns (Levels of Logic = 3)
  Source:            Piso_Actual_Sensor<1> (PAD)
  Destination:       Inst_codificador_PA/cod_out_s_1 (LATCH)
  Destination Clock: clk falling

  Data Path: Piso_Actual_Sensor<1> to Inst_codificador_PA/cod_out_s_1
                                Gate     Net
    Cell:in->out      fanout   Delay   Delay  Logical Name (Net Name)
    ----------------------------------------  ------------
     IBUF:I->O             4   0.715   1.074  Piso_Actual_Sensor_1_IBUF (Piso_Actual_Sensor_1_IBUF)
     LUT2:I0->O            1   0.479   0.000  Inst_codificador_PA/cod_out_s_mux0004<0>1 (Inst_codificador_PA/cod_out_s_mux0004<0>1)
     MUXF5:I1->O           1   0.314   0.000  Inst_codificador_PA/cod_out_s_mux0004<0>_f5 (Inst_codificador_PA/cod_out_s_mux0004<0>)
     LD:D                      0.176          Inst_codificador_PA/cod_out_s_1
    ----------------------------------------
    Total                      2.758ns (1.684ns logic, 1.074ns route)
                                       (61.0% logic, 39.0% route)

=========================================================================
Timing constraint: Default OFFSET IN BEFORE for Clock 'Inst_clk_divider/temporal'
  Total number of paths / destination ports: 5 / 5
-------------------------------------------------------------------------
Offset:              3.211ns (Levels of Logic = 1)
  Source:            reset (PAD)
  Destination:       Inst_MaquinaDeEstados/Q_bus_FSM_FFd3 (FF)
  Destination Clock: Inst_clk_divider/temporal rising

  Data Path: reset to Inst_MaquinaDeEstados/Q_bus_FSM_FFd3
                                Gate     Net
    Cell:in->out      fanout   Delay   Delay  Logical Name (Net Name)
    ----------------------------------------  ------------
     IBUF:I->O            38   0.715   1.604  reset_IBUF (reset_IBUF)
     FDR:R                     0.892          Inst_MaquinaDeEstados/Q_bus_FSM_FFd3
    ----------------------------------------
    Total                      3.211ns (1.607ns logic, 1.604ns route)
                                       (50.0% logic, 50.0% route)

=========================================================================
Timing constraint: Default OFFSET OUT AFTER for Clock 'Inst_MaquinaDeEstados/Q_bus_FSM_FFd4'
  Total number of paths / destination ports: 3 / 3
-------------------------------------------------------------------------
Offset:              6.141ns (Levels of Logic = 1)
  Source:            Inst_MaquinaDeEstados/salidas_3_1 (LATCH)
  Destination:       Puerta (PAD)
  Source Clock:      Inst_MaquinaDeEstados/Q_bus_FSM_FFd4 rising

  Data Path: Inst_MaquinaDeEstados/salidas_3_1 to Puerta
                                Gate     Net
    Cell:in->out      fanout   Delay   Delay  Logical Name (Net Name)
    ----------------------------------------  ------------
     LD_1:G->Q             1   0.551   0.681  Inst_MaquinaDeEstados/salidas_3_1 (Inst_MaquinaDeEstados/salidas_3_1)
     OBUF:I->O                 4.909          Puerta_OBUF (Puerta)
    ----------------------------------------
    Total                      6.141ns (5.460ns logic, 0.681ns route)
                                       (88.9% logic, 11.1% route)

=========================================================================
Timing constraint: Default OFFSET OUT AFTER for Clock 'clk'
  Total number of paths / destination ports: 11 / 11
-------------------------------------------------------------------------
Offset:              6.507ns (Levels of Logic = 1)
  Source:            Inst_DecodificadorPD/Enable_Display_2 (FF)
  Destination:       Enable_Display<2> (PAD)
  Source Clock:      clk rising

  Data Path: Inst_DecodificadorPD/Enable_Display_2 to Enable_Display<2>
                                Gate     Net
    Cell:in->out      fanout   Delay   Delay  Logical Name (Net Name)
    ----------------------------------------  ------------
     FDE:C->Q             11   0.626   0.972  Inst_DecodificadorPD/Enable_Display_2 (Inst_DecodificadorPD/Enable_Display_2)
     OBUF:I->O                 4.909          Enable_Display_2_OBUF (Enable_Display<2>)
    ----------------------------------------
    Total                      6.507ns (5.535ns logic, 0.972ns route)
                                       (85.1% logic, 14.9% route)

=========================================================================


Total REAL time to Xst completion: 7.00 secs
Total CPU time to Xst completion: 7.41 secs
 
--> 

Total memory usage is 257092 kilobytes

Number of errors   :    0 (   0 filtered)
Number of warnings :    7 (   0 filtered)
Number of infos    :    4 (   0 filtered)

