AR maquinadeestados behavioral C:/Users/Daniel/Desktop/Proyecto_SED/MaquinaDeEstados.vhd sub00/vhpl04 1419619543
AR codificador dataflow C:/Users/Daniel/Desktop/Proyecto_SED/codificador.vhd sub00/vhpl08 1419619541
EN maquinadeestados NULL C:/Users/Daniel/Desktop/Proyecto_SED/MaquinaDeEstados.vhd sub00/vhpl03 1419619542
AR clk_divider behavioral C:/Users/Daniel/Desktop/Proyecto_SED/clk_divider.vhd sub00/vhpl02 1419619537
EN clk_divider NULL C:/Users/Daniel/Desktop/Proyecto_SED/clk_divider.vhd sub00/vhpl01 1419619536
EN codificador NULL C:/Users/Daniel/Desktop/Proyecto_SED/codificador.vhd sub00/vhpl07 1419619540
AR ascensor behavioral C:/Users/Daniel/Desktop/Proyecto_SED/Ascensor.vhd sub00/vhpl09 1419619545
EN decodificador NULL C:/Users/Daniel/Desktop/Proyecto_SED/Decodificador.vhd sub00/vhpl05 1419619538
EN ascensor NULL C:/Users/Daniel/Desktop/Proyecto_SED/Ascensor.vhd sub00/vhpl00 1419619544
AR decodificador dataflow C:/Users/Daniel/Desktop/Proyecto_SED/Decodificador.vhd sub00/vhpl06 1419619539
