AR maquinadeestados behavioral C:/Users/Diego/Documents/GitHub/Proyecto_SED/MaquinaDeEstados.vhd sub00/vhpl04 1421680144
AR codificador dataflow C:/Users/Diego/Documents/GitHub/Proyecto_SED/codificador.vhd sub00/vhpl08 1421680140
EN modulodisplay NULL C:/Users/Diego/Documents/GitHub/Proyecto_SED/ModuloDisplay.vhd sub00/vhpl14 1421680145
EN maquinadeestados NULL C:/Users/Diego/Documents/GitHub/Proyecto_SED/MaquinaDeEstados.vhd sub00/vhpl03 1421680143
AR clk_divider behavioral C:/Users/Diego/Documents/GitHub/Proyecto_SED/clk_divider.vhd sub00/vhpl02 1421680136
AR decodificadorpd behavioral C:/Users/Diego/Documents/GitHub/Proyecto_SED/ModuloDisplay.vhd sub00/vhpl13 1421605400
EN decodificadorpd NULL C:/Users/Diego/Documents/GitHub/Proyecto_SED/ModuloDisplay.vhd sub00/vhpl12 1421605399
EN clk_divider NULL C:/Users/Diego/Documents/GitHub/Proyecto_SED/clk_divider.vhd sub00/vhpl01 1421680135
EN codificador NULL C:/Users/Diego/Documents/GitHub/Proyecto_SED/codificador.vhd sub00/vhpl07 1421680139
AR ascensor behavioral C:/Users/Diego/Documents/GitHub/Proyecto_SED/Ascensor.vhd sub00/vhpl09 1421680148
AR bloqueadorpdeseado behavioral C:/Users/Diego/Documents/GitHub/Proyecto_SED/BloqueadorPDeseado.vhd sub00/vhpl11 1421680142
AR modulodisplay behavioral C:/Users/Diego/Documents/GitHub/Proyecto_SED/ModuloDisplay.vhd sub00/vhpl15 1421680146
EN decodificador NULL C:/Users/Diego/Documents/GitHub/Proyecto_SED/Decodificador.vhd sub00/vhpl05 1421680137
EN ascensor NULL C:/Users/Diego/Documents/GitHub/Proyecto_SED/Ascensor.vhd sub00/vhpl00 1421680147
AR decodificador dataflow C:/Users/Diego/Documents/GitHub/Proyecto_SED/Decodificador.vhd sub00/vhpl06 1421680138
EN bloqueadorpdeseado NULL C:/Users/Diego/Documents/GitHub/Proyecto_SED/BloqueadorPDeseado.vhd sub00/vhpl10 1421680141
