AR maquinadeestados behavioral C:/Users/Daniel/Desktop/Proyecto_SED/MaquinaDeEstados.vhd sub00/vhpl04 1420799822
AR codificador dataflow C:/Users/Daniel/Desktop/Proyecto_SED/codificador.vhd sub00/vhpl08 1420799818
EN maquinadeestados NULL C:/Users/Daniel/Desktop/Proyecto_SED/MaquinaDeEstados.vhd sub00/vhpl03 1420799821
AR clk_divider behavioral C:/Users/Daniel/Desktop/Proyecto_SED/clk_divider.vhd sub00/vhpl02 1420799814
EN clk_divider NULL C:/Users/Daniel/Desktop/Proyecto_SED/clk_divider.vhd sub00/vhpl01 1420799813
EN codificador NULL C:/Users/Daniel/Desktop/Proyecto_SED/codificador.vhd sub00/vhpl07 1420799817
AR ascensor behavioral C:/Users/Daniel/Desktop/Proyecto_SED/Ascensor.vhd sub00/vhpl09 1420799824
AR bloqueadorpdeseado behavioral C:/Users/Daniel/Desktop/Proyecto_SED/BloqueadorPDeseado.vhd sub00/vhpl11 1420799820
EN decodificador NULL C:/Users/Daniel/Desktop/Proyecto_SED/Decodificador.vhd sub00/vhpl05 1420799815
EN ascensor NULL C:/Users/Daniel/Desktop/Proyecto_SED/Ascensor.vhd sub00/vhpl00 1420799823
AR decodificador dataflow C:/Users/Daniel/Desktop/Proyecto_SED/Decodificador.vhd sub00/vhpl06 1420799816
EN bloqueadorpdeseado NULL C:/Users/Daniel/Desktop/Proyecto_SED/BloqueadorPDeseado.vhd sub00/vhpl10 1420799819
