V3 30
FL C:/Users/Daniel/Desktop/Proyecto_SED/Ascensor.vhd 2014/12/26.22:23:36 P.15xf
EN work/Ascensor 1419629035 FL C:/Users/Daniel/Desktop/Proyecto_SED/Ascensor.vhd \
      PB ieee/std_logic_1164 1335251622 PB ieee/std_logic_arith 1335251623 \
      PB ieee/STD_LOGIC_UNSIGNED 1335251625
AR work/Ascensor/Behavioral 1419629036 \
      FL C:/Users/Daniel/Desktop/Proyecto_SED/Ascensor.vhd EN work/Ascensor 1419629035 \
      CP clk_divider CP decodificador CP codificador CP MaquinaDeEstados
FL C:/Users/Daniel/Desktop/Proyecto_SED/clk_divider.vhd 2014/12/26.19:31:31 P.15xf
EN work/clk_divider 1419629027 \
      FL C:/Users/Daniel/Desktop/Proyecto_SED/clk_divider.vhd \
      PB ieee/std_logic_1164 1335251622 PB ieee/NUMERIC_STD 1335251627
AR work/clk_divider/Behavioral 1419629028 \
      FL C:/Users/Daniel/Desktop/Proyecto_SED/clk_divider.vhd EN work/clk_divider 1419629027
FL C:/Users/Daniel/Desktop/Proyecto_SED/codificador.vhd 2014/12/26.19:31:31 P.15xf
EN work/codificador 1419629031 \
      FL C:/Users/Daniel/Desktop/Proyecto_SED/codificador.vhd \
      PB ieee/std_logic_1164 1335251622
AR work/codificador/dataflow 1419629032 \
      FL C:/Users/Daniel/Desktop/Proyecto_SED/codificador.vhd EN work/codificador 1419629031
FL C:/Users/Daniel/Desktop/Proyecto_SED/Decodificador.vhd 2014/12/26.19:31:31 P.15xf
EN work/decodificador 1419629029 \
      FL C:/Users/Daniel/Desktop/Proyecto_SED/Decodificador.vhd \
      PB ieee/std_logic_1164 1335251622
AR work/decodificador/dataflow 1419629030 \
      FL C:/Users/Daniel/Desktop/Proyecto_SED/Decodificador.vhd \
      EN work/decodificador 1419629029
FL C:/Users/Daniel/Desktop/Proyecto_SED/MaquinaDeEstados.vhd 2014/12/26.22:12:57 P.15xf
EN work/MaquinaDeEstados 1419629033 \
      FL C:/Users/Daniel/Desktop/Proyecto_SED/MaquinaDeEstados.vhd \
      PB ieee/std_logic_1164 1335251622 PB ieee/std_logic_arith 1335251623 \
      PB ieee/STD_LOGIC_UNSIGNED 1335251625
AR work/MaquinaDeEstados/Behavioral 1419629034 \
      FL C:/Users/Daniel/Desktop/Proyecto_SED/MaquinaDeEstados.vhd \
      EN work/MaquinaDeEstados 1419629033
FL "C:/Users/Daniel/Dropbox/Windows 7/Trabajo SED/Version a 27-11-2014/Ascensor/Ascensor/Ascensor.vhd" 2014/11/27.19:05:50 P.15xf
FL "C:/Users/Daniel/Dropbox/Windows 7/Trabajo SED/Version a 27-11-2014/Ascensor/Ascensor/clk_divider.vhd" 2014/11/27.18:07:46 P.15xf
FL "C:/Users/Daniel/Dropbox/Windows 7/Trabajo SED/Version a 27-11-2014/Ascensor/Ascensor/codificador.vhd" 2014/11/27.18:56:50 P.15xf
FL "C:/Users/Daniel/Dropbox/Windows 7/Trabajo SED/Version a 27-11-2014/Ascensor/Ascensor/Decodificador.vhd" 2014/11/27.18:45:20 P.15xf
FL "C:/Users/Daniel/Dropbox/Windows 7/Trabajo SED/Version a 27-11-2014/Ascensor/Ascensor/MaquinaDeEstados.vhd" 2014/12/11.11:24:20 P.15xf
FL C:/Users/Diego/Desktop/Ascensor/clk_divider.vhd 2014/12/24.09:59:46 P.15xf
FL C:/Users/sed/Desktop/Ascensor/Ascensor/Ascensor.vhd 2014/11/27.19:05:10 P.15xf
FL C:/Users/sed/Desktop/Ascensor/Ascensor/clk_divider.vhd 2014/11/27.18:07:44 P.15xf
FL C:/Users/sed/Desktop/Ascensor/Ascensor/codificador.vhd 2014/11/27.18:56:49 P.15xf
FL C:/Users/sed/Desktop/Ascensor/Ascensor/Decodificador.vhd 2014/11/27.18:45:18 P.15xf
FL C:/Users/sed/Desktop/Ascensor/Ascensor/MaquinaDeEstados.vhd 2014/11/27.18:51:17 P.15xf
